// Jest Snapshot v1, https://goo.gl/fbAQLP

exports[`WAI ARIA Spec Chrome Accessibility Tree matches snapshots 1`] = `
Object {
  "children": Array [
    Object {
      "name": "Heading One",
      "role": "button",
    },
    Object {
      "name": "Sunt in reprehenderit cillum ex proident qui culpa fugiat pariatur aliqua nostrud consequat consequat enim quis sit consectetur ad aute ea ex eiusmod id esse culpa et pariatur ad amet pariatur pariatur dolor quis.",
      "role": "text",
    },
    Object {
      "name": "Heading Two",
      "role": "button",
    },
    Object {
      "name": "Velit tempor dolore commodo voluptate id do nulla do ut proident cillum ad cillum voluptate deserunt fugiat ut sed cupidatat ut consectetur consequat incididunt sed in culpa do labore ea incididunt ea in eiusmod.",
      "role": "text",
    },
    Object {
      "name": "Heading Three",
      "role": "button",
    },
    Object {
      "name": "Lorem ipsum esse occaecat voluptate duis incididunt amet eiusmod sunt commodo sunt enim anim ea culpa ut tempor dolore fugiat exercitation aliquip commodo dolore elit esse est ullamco velit et deserunt.",
      "role": "text",
    },
  ],
  "name": "React Accessible Accordion - Integration Test Sandbox",
  "role": "WebArea",
}
`;
