// Jest Snapshot v1, https://goo.gl/fbAQLP

exports[`AccordionItemPanel renders correctly with min params 1`] = `
<div
  aria-labelledby="accordion__heading-0"
  className="accordion__panel accordion__panel--expanded"
  id="accordion__panel-0"
  role="region"
>
  <div>
    Fake body
  </div>
</div>
`;
